
  [1;31mWe've found a bug for you![0m
  [36m/.../fixtures/repeated_def_modules.res[0m:[2m3:8[0m

  1 [2mâ”‚[0m module M = {}
  2 [2mâ”‚[0m 
  [1;31m3[0m [2mâ”‚[0m module [1;31mM[0m = {}
  4 [2mâ”‚[0m 

  Multiple definition of the module name M at line 1, characters 7-8.
  Names must be unique in a given structure or signature.